// Jest Snapshot v1, https://goo.gl/fbAQLP

exports[`should render loader component 1`] = `
<div
  className="loader"
/>
`;
